// Jest Snapshot v1, https://goo.gl/fbAQLP

exports[`Test the Home component and its related component should render with given state from Redux store 1`] = `
<div
  className="app-root"
  data-testid="app-root"
>
  <header>
    <div
      className="header-top"
    >
      <form>
        <input
          data-testid="search"
          placeholder="e.g brioche"
          type="text"
        />
      </form>
    </div>
    <div
      className="logo"
    >
      <img
        alt=""
        src="cocktail.svg"
      />
      <h2>
        Meal Catalogue
      </h2>
    </div>
    <div
      className="header-bottom"
    >
      <div
        className="categories"
      >
        <a
          href="/"
        >
          Home
        </a>
      </div>
      <div
        className="bread-crumb"
      >
        <img
          alt=""
          src="https://www.themealdb.com/images/media/meals/1529445893.jpg"
        />
      </div>
    </div>
  </header>
  <div
    className="app-body"
  >
    <div>
      <div
        className="meals-list"
      >
        <div
          className="meals"
        >
          <div
            className="meals-body"
          >
            <div
              className="meals-left"
            >
              <a
                href="/meals/52767"
                onClick={[Function]}
              >
                <div
                  className="meal-card"
                >
                  <p>
                    Dessert
                  </p>
                  <img
                    alt="Bakewell tart"
                    src="https://www.themealdb.com/images/media/meals/wyrqqq1468233628.jpg"
                  />
                  <h1>
                    Bakewell tart
                  </h1>
                </div>
              </a>
            </div>
          </div>
          <div
            className="meals-body"
          >
            <div
              className="meals-left"
            >
              <a
                href="/meals/52792"
                onClick={[Function]}
              >
                <div
                  className="meal-card"
                >
                  <p>
                    Dessert
                  </p>
                  <img
                    alt="Bread and Butter Pudding"
                    src="https://www.themealdb.com/images/media/meals/xqwwpy1483908697.jpg"
                  />
                  <h1>
                    Bread and Butter Pudding
                  </h1>
                </div>
              </a>
            </div>
          </div>
          <div
            className="meals-body"
          >
            <div
              className="meals-left"
            >
              <a
                href="/meals/52803"
                onClick={[Function]}
              >
                <div
                  className="meal-card"
                >
                  <p>
                    Beef
                  </p>
                  <img
                    alt="Beef Wellington"
                    src="https://www.themealdb.com/images/media/meals/vvpprx1487325699.jpg"
                  />
                  <h1>
                    Beef Wellington
                  </h1>
                </div>
              </a>
            </div>
          </div>
        </div>
        <div
          className="meals-right"
        >
          <form>
            <select
              onChange={[Function]}
            >
              <option
                value="Categories"
              >
                Categories
              </option>
              <option
                value="Beef"
              >
                Beef
              </option>
              <option
                value="Breakfast"
              >
                Breakfast
              </option>
              <option
                value="Chicken"
              >
                Chicken
              </option>
              <option
                value="Dessert"
              >
                Dessert
              </option>
              <option
                value="Goat"
              >
                Goat
              </option>
              <option
                value="Lamb"
              >
                Lamb
              </option>
              <option
                value="Miscellaneous"
              >
                Miscellaneous
              </option>
              <option
                value="Pasta"
              >
                Pasta
              </option>
              <option
                value="Pork"
              >
                Pork
              </option>
              <option
                value="Seafood"
              >
                Seafood
              </option>
              <option
                value="Side"
              >
                Side
              </option>
              <option
                value="Starter"
              >
                Starter
              </option>
              <option
                value="Vegan"
              >
                Vegan
              </option>
              <option
                value="Vegetarian"
              >
                Vegetarian
              </option>
            </select>
          </form>
          <div
            className="dessert-wrapper"
          >
            <p>
              Top Desserts
            </p>
            <div
              className="desert-card"
            >
              <a
                href="/meals/52928"
                onClick={[Function]}
              >
                <div
                  className="dessert-body"
                >
                  <img
                    alt=""
                    src="https://www.themealdb.com/images/media/meals/ryppsv1511815505.jpg"
                  />
                  <h3>
                    BeaverTails
                  </h3>
                </div>
              </a>
              <a
                href="/meals/52891"
                onClick={[Function]}
              >
                <div
                  className="dessert-body"
                >
                  <img
                    alt=""
                    src="https://www.themealdb.com/images/media/meals/rpvptu1511641092.jpg"
                  />
                  <h3>
                    Blackberry Fool
                  </h3>
                </div>
              </a>
              <a
                href="/meals/52792"
                onClick={[Function]}
              >
                <div
                  className="dessert-body"
                >
                  <img
                    alt=""
                    src="https://www.themealdb.com/images/media/meals/xqwwpy1483908697.jpg"
                  />
                  <h3>
                    Bread and Butter Pudding
                  </h3>
                </div>
              </a>
              <a
                href="/meals/52961"
                onClick={[Function]}
              >
                <div
                  className="dessert-body"
                >
                  <img
                    alt=""
                    src="https://www.themealdb.com/images/media/meals/1549542877.jpg"
                  />
                  <h3>
                    Budino Di Ricotta
                  </h3>
                </div>
              </a>
            </div>
          </div>
          <div
            className="news-letter"
          >
            <div
              className="news-letter-title"
            >
              <p>
                NewsLetter
              </p>
            </div>
            <div
              className="news-letter-body"
            >
              <p>
                Lorem ipsum dolor sit amet consectetur adipisicing elit. Ipsum, inventore?
              </p>
              <form>
                <input
                  placeholder="Enter your email"
                  type="text"
                />
              </form>
            </div>
          </div>
        </div>
      </div>
    </div>
  </div>
  <footer>
    <div
      className="footer-top"
    >
      <div
        className="service"
      >
        <span>
          Customer Service
        </span>
        <div
          className="content"
        >
          <div
            className="info"
          >
            <img
              alt=""
              src="phone.svg"
            />
            <p>
              +123 456 789
            </p>
          </div>
          <div
            className="info"
          >
            <img
              alt=""
              src="mail.svg"
            />
            <p>
              catalogue@meal.com
            </p>
          </div>
        </div>
      </div>
      <div
        className="find-us"
      >
        <span>
          Find us
        </span>
        <div>
          <a
            href="https://twitter.com/RoodzFernando"
          >
            <img
              alt=""
              src="twitter.svg"
            />
          </a>
          <a
            href="https://www.linkedin.com/in/roodz-fernando-fleurant/"
          >
            <img
              alt=""
              src="linkedin.svg"
            />
          </a>
          <a
            href="https://github.com/RoodzFernando"
          >
            <img
              alt=""
              src="github.svg"
            />
          </a>
        </div>
      </div>
      <div
        className="payment-method"
      >
        <span>
          Payment Methods
        </span>
        <div>
          <img
            alt=""
            src="paypal.svg"
          />
          <img
            alt=""
            src="visa.svg"
          />
          <img
            alt=""
            src="mastercard.svg"
          />
        </div>
      </div>
    </div>
    <div
      className="footer-bottom"
      data-testid="footer-bottom"
    >
      <p>
        Roodz Fernando Copyright Â© 2020
      </p>
    </div>
  </footer>
</div>
`;
